/lustre/janus_scratch/howa1663/CC_JdF/2011.DEC/2011.DEC.17/ft_2011.DEC.17.M03A.BHZ.SAC_orig /lustre/janus_scratch/howa1663/Seis_Data/SAC_JdF/Horizontal/2011.DEC/2011.DEC.17/ft_2011.DEC.17.M03A.HH1.SAC /lustre/janus_scratch/howa1663/Seis_Data/SAC_JdF/Horizontal/2011.DEC/2011.DEC.17/ft_2011.DEC.17.M03A.HH2.SAC /lustre/janus_scratch/howa1663/Seis_Data/SAC_JdF/Hydrophone/2011.DEC/2011.DEC.17/ft_2011.DEC.17.M03A.HXH.SAC 1 0 0 /lustre/janus_scratch/howa1663/CC_JdF/2011.DEC/2011.DEC.17/ft_2011.DEC.17.M03A.BHZ.SAC
/lustre/janus_scratch/howa1663/CC_JdF/2011.OCT/2011.OCT.31/ft_2011.OCT.31.M06A.BHZ.SAC_orig /lustre/janus_scratch/howa1663/Seis_Data/SAC_JdF/Horizontal/2011.OCT/2011.OCT.31/ft_2011.OCT.31.M06A.HH1.SAC /lustre/janus_scratch/howa1663/Seis_Data/SAC_JdF/Horizontal/2011.OCT/2011.OCT.31/ft_2011.OCT.31.M06A.HH2.SAC /lustre/janus_scratch/howa1663/Seis_Data/SAC_JdF/Hydrophone/2011.OCT/2011.OCT.31/ft_2011.OCT.31.M06A.HDH.SAC 1 0 0 /lustre/janus_scratch/howa1663/CC_JdF/2011.OCT/2011.OCT.31/ft_2011.OCT.31.M06A.BHZ.SAC
